<?xml version='1.0' encoding='utf-8' ?>

<results>
  <test name='e:\dev\near\tableau-tests\tdvt\tests\logical/setup/bigquery\setup.join.null.bool.bigquery_sql.xml' tolerance="0.05">
    <table>
      <schema>
        <column return-type="float">[cast_calcs.bigquery_sql].[Calculation_845269395859349504]</column>
        <column>[cast_calcs.bigquery_sql].[bool1]</column>
        <column return-type="float">[cast_calcs.bigquery_sql].[sum:num1:ok]</column>
      </schema>
      <tuple>
        <value>2.47</value>
        <value>true</value>
        <value>2.47</value>
      </tuple>
      <tuple>
        <value>6.71</value>
        <value>true</value>
        <value>6.71</value>
      </tuple>
      <tuple>
        <value>7.1</value>
        <value>false</value>
        <value>7.1</value>
      </tuple>
      <tuple>
        <value>7.12</value>
        <value>%null%</value>
        <value>7.12</value>
      </tuple>
      <tuple>
        <value>7.43</value>
        <value>false</value>
        <value>7.43</value>
      </tuple>
      <tuple>
        <value>8.42</value>
        <value>true</value>
        <value>8.42</value>
      </tuple>
      <tuple>
        <value>9.05</value>
        <value>false</value>
        <value>9.05</value>
      </tuple>
      <tuple>
        <value>9.38</value>
        <value>false</value>
        <value>9.38</value>
      </tuple>
      <tuple>
        <value>9.47</value>
        <value>%null%</value>
        <value>9.47</value>
      </tuple>
      <tuple>
        <value>9.78</value>
        <value>true</value>
        <value>9.78</value>
      </tuple>
      <tuple>
        <value>10.32</value>
        <value>true</value>
        <value>10.32</value>
      </tuple>
      <tuple>
        <value>10.37</value>
        <value>false</value>
        <value>10.37</value>
      </tuple>
      <tuple>
        <value>11.38</value>
        <value>%null%</value>
        <value>11.38</value>
      </tuple>
      <tuple>
        <value>12.05</value>
        <value>false</value>
        <value>12.05</value>
      </tuple>
      <tuple>
        <value>12.4</value>
        <value>true</value>
        <value>12.4</value>
      </tuple>
      <tuple>
        <value>16.42</value>
        <value>%null%</value>
        <value>16.42</value>
      </tuple>
      <tuple>
        <value>16.81</value>
        <value>%null%</value>
        <value>16.81</value>
      </tuple>
    </table>
  </test>
</results>
