<?xml version='1.0' encoding='utf-8' ?>

<results>
  <test
    name='D:\dev\data-dev\tableau-tests\tdvt\logicaltests/calcs\setup.BUGS.B27875-desc-nulls-last.postgres91.xml'
    tolerance="0.05"
  >
    <table>
      <schema>
        <column>[cast_calcs.postgres91].[key]</column>
        <column return-type="float">[cast_calcs.postgres91].[sum:num2:ok]</column>
      </schema>
      <tuple>
        <value>&quot;key00&quot;</value>
        <value>17.86</value>
      </tuple>
      <tuple>
        <value>&quot;key01&quot;</value>
        <value>16.73</value>
      </tuple>
      <tuple>
        <value>&quot;key03&quot;</value>
        <value>8.51</value>
      </tuple>
      <tuple>
        <value>&quot;key05&quot;</value>
        <value>8.98</value>
      </tuple>
      <tuple>
        <value>&quot;key06&quot;</value>
        <value>11.69</value>
      </tuple>
      <tuple>
        <value>&quot;key07&quot;</value>
        <value>17.25</value>
      </tuple>
      <tuple>
        <value>&quot;key09&quot;</value>
        <value>11.5</value>
      </tuple>
      <tuple>
        <value>&quot;key13&quot;</value>
        <value>13.04</value>
      </tuple>
      <tuple>
        <value>&quot;key15&quot;</value>
        <value>10.98</value>
      </tuple>
      <tuple>
        <value>&quot;key16&quot;</value>
        <value>7.87</value>
      </tuple>
    </table>
  </test>
</results>
