<?xml version='1.0' encoding='utf-8' ?>

<results>
  <test name='/connector-plugin-sdk/tdvt/tdvt/logicaltests/setup/connection_test/setup.staples.connection.test.simple.xml'>
    <sql>
      SELECT &quot;Staples&quot;.&quot;Discount&quot; AS &quot;Ship Priority&quot;&#10;FROM &quot;Staples&quot;&#10;GROUP BY 1&#10;    </sql>
    <query-time>
      85.000&#10;    </query-time>
    <table>
      <schema>
        <column>[Staples.postgres].[Ship Priority]</column>
      </schema>
      <tuple>
        <value>0.0</value>
      </tuple>
      <tuple>
        <value>0.01</value>
      </tuple>
      <tuple>
        <value>0.02</value>
      </tuple>
      <tuple>
        <value>0.03</value>
      </tuple>
      <tuple>
        <value>0.04</value>
      </tuple>
      <tuple>
        <value>0.05</value>
      </tuple>
      <tuple>
        <value>0.06</value>
      </tuple>
      <tuple>
        <value>0.07</value>
      </tuple>
      <tuple>
        <value>0.08</value>
      </tuple>
      <tuple>
        <value>0.09</value>
      </tuple>
      <tuple>
        <value>0.1</value>
      </tuple>
      <tuple>
        <value>0.11</value>
      </tuple>
      <tuple>
        <value>0.12</value>
      </tuple>
      <tuple>
        <value>0.13</value>
      </tuple>
      <tuple>
        <value>0.15</value>
      </tuple>
      <tuple>
        <value>0.21</value>
      </tuple>
      <tuple>
        <value>0.24</value>
      </tuple>
      <tuple>
        <value>0.27</value>
      </tuple>
      <tuple>
        <value>0.3</value>
      </tuple>
      <tuple>
        <value>0.36</value>
      </tuple>
      <tuple>
        <value>0.39</value>
      </tuple>
    </table>
  </test>
</results>
