<?xml version='1.0' encoding='utf-8' ?>

<results>
  <test name='E:\dev\data-dev2\tableau-tests\tdvt\logicaltests\setup\lod\setup.lod.9_Fixed as Dimension.prefix.xml'>
    <table>
      <schema>
        <column>[Staples.teradata].[sum:Sales Total:ok]</column>
        <column>[Staples.teradata].[wk:LOD - Fixed - 1 (copy 2):ok]</column>
        <column>[Staples.teradata].[yr:Order Date:ok]</column>
      </schema>
      <tuple>
        <value>143086</value>
        <value>7</value>
        <value>1997</value>
      </tuple>
      <tuple>
        <value>155398</value>
        <value>6</value>
        <value>2000</value>
      </tuple>
      <tuple>
        <value>171196</value>
        <value>7</value>
        <value>2000</value>
      </tuple>
      <tuple>
        <value>203969</value>
        <value>7</value>
        <value>2002</value>
      </tuple>
      <tuple>
        <value>210031</value>
        <value>7</value>
        <value>1999</value>
      </tuple>
      <tuple>
        <value>229542</value>
        <value>7</value>
        <value>2001</value>
      </tuple>
      <tuple>
        <value>250933</value>
        <value>6</value>
        <value>1999</value>
      </tuple>
      <tuple>
        <value>270968</value>
        <value>6</value>
        <value>2002</value>
      </tuple>
      <tuple>
        <value>272984</value>
        <value>6</value>
        <value>1997</value>
      </tuple>
      <tuple>
        <value>275541</value>
        <value>7</value>
        <value>1998</value>
      </tuple>
      <tuple>
        <value>292277</value>
        <value>6</value>
        <value>2001</value>
      </tuple>
      <tuple>
        <value>333289</value>
        <value>6</value>
        <value>1998</value>
      </tuple>
      <tuple>
        <value>602266</value>
        <value>5</value>
        <value>2001</value>
      </tuple>
      <tuple>
        <value>602510</value>
        <value>5</value>
        <value>2000</value>
      </tuple>
      <tuple>
        <value>631772</value>
        <value>5</value>
        <value>1999</value>
      </tuple>
      <tuple>
        <value>661241</value>
        <value>5</value>
        <value>1997</value>
      </tuple>
      <tuple>
        <value>711393</value>
        <value>5</value>
        <value>1998</value>
      </tuple>
      <tuple>
        <value>740353</value>
        <value>5</value>
        <value>2002</value>
      </tuple>
      <tuple>
        <value>1589284</value>
        <value>4</value>
        <value>2001</value>
      </tuple>
      <tuple>
        <value>1639958</value>
        <value>4</value>
        <value>2002</value>
      </tuple>
      <tuple>
        <value>1658149</value>
        <value>4</value>
        <value>1998</value>
      </tuple>
      <tuple>
        <value>1681972</value>
        <value>4</value>
        <value>1997</value>
      </tuple>
      <tuple>
        <value>1766892</value>
        <value>4</value>
        <value>2000</value>
      </tuple>
      <tuple>
        <value>1847329</value>
        <value>4</value>
        <value>1999</value>
      </tuple>
      <tuple>
        <value>2581528</value>
        <value>3</value>
        <value>2002</value>
      </tuple>
      <tuple>
        <value>2817285</value>
        <value>3</value>
        <value>1997</value>
      </tuple>
      <tuple>
        <value>2903749</value>
        <value>3</value>
        <value>2000</value>
      </tuple>
      <tuple>
        <value>2936721</value>
        <value>3</value>
        <value>1999</value>
      </tuple>
      <tuple>
        <value>2983885</value>
        <value>3</value>
        <value>1998</value>
      </tuple>
      <tuple>
        <value>3106220</value>
        <value>3</value>
        <value>2001</value>
      </tuple>
      <tuple>
        <value>4820443</value>
        <value>1</value>
        <value>2002</value>
      </tuple>
      <tuple>
        <value>4950468</value>
        <value>1</value>
        <value>2000</value>
      </tuple>
      <tuple>
        <value>4953826</value>
        <value>1</value>
        <value>1999</value>
      </tuple>
      <tuple>
        <value>4985164</value>
        <value>1</value>
        <value>2001</value>
      </tuple>
      <tuple>
        <value>5085197</value>
        <value>1</value>
        <value>1998</value>
      </tuple>
      <tuple>
        <value>5345654</value>
        <value>2</value>
        <value>2002</value>
      </tuple>
      <tuple>
        <value>5362879</value>
        <value>1</value>
        <value>1997</value>
      </tuple>
      <tuple>
        <value>5474899</value>
        <value>2</value>
        <value>1997</value>
      </tuple>
      <tuple>
        <value>5489919</value>
        <value>2</value>
        <value>2001</value>
      </tuple>
      <tuple>
        <value>5626388</value>
        <value>2</value>
        <value>2000</value>
      </tuple>
      <tuple>
        <value>5852590</value>
        <value>2</value>
        <value>1999</value>
      </tuple>
      <tuple>
        <value>6468769</value>
        <value>2</value>
        <value>1998</value>
      </tuple>
    </table>
  </test>
</results>
