<?xml version='1.0' encoding='utf-8' ?>

<results>
  <test name='E:\dev\data-dev2\tableau-tests\tdvt\logicaltests\setup\lod\setup.lod.9_Fixed as Dimension.prefix.xml'>
    <table>
      <schema>
        <column>[Staples.teradata].[sum:Sales Total:ok]</column>
        <column>[Staples.teradata].[wk:LOD - Fixed - 1 (copy 2):ok]</column>
        <column>[Staples.teradata].[yr:Order Date:ok]</column>
      </schema>
      <tuple>
        <value>143086.0</value>
        <value>7</value>
        <value>1997</value>
      </tuple>
      <tuple>
        <value>155398.0</value>
        <value>6</value>
        <value>2000</value>
      </tuple>
      <tuple>
        <value>171196.0</value>
        <value>7</value>
        <value>2000</value>
      </tuple>
      <tuple>
        <value>203969.0</value>
        <value>7</value>
        <value>2002</value>
      </tuple>
      <tuple>
        <value>210031.0</value>
        <value>7</value>
        <value>1999</value>
      </tuple>
      <tuple>
        <value>229542.0</value>
        <value>7</value>
        <value>2001</value>
      </tuple>
      <tuple>
        <value>250933.0</value>
        <value>6</value>
        <value>1999</value>
      </tuple>
      <tuple>
        <value>270968.0</value>
        <value>6</value>
        <value>2002</value>
      </tuple>
      <tuple>
        <value>272984.0</value>
        <value>6</value>
        <value>1997</value>
      </tuple>
      <tuple>
        <value>275541.0</value>
        <value>7</value>
        <value>1998</value>
      </tuple>
      <tuple>
        <value>292277.0</value>
        <value>6</value>
        <value>2001</value>
      </tuple>
      <tuple>
        <value>333289.0</value>
        <value>6</value>
        <value>1998</value>
      </tuple>
      <tuple>
        <value>602266.0</value>
        <value>5</value>
        <value>2001</value>
      </tuple>
      <tuple>
        <value>602510.0</value>
        <value>5</value>
        <value>2000</value>
      </tuple>
      <tuple>
        <value>631772.0</value>
        <value>5</value>
        <value>1999</value>
      </tuple>
      <tuple>
        <value>661241.0</value>
        <value>5</value>
        <value>1997</value>
      </tuple>
      <tuple>
        <value>711393.0</value>
        <value>5</value>
        <value>1998</value>
      </tuple>
      <tuple>
        <value>740353.0</value>
        <value>5</value>
        <value>2002</value>
      </tuple>
      <tuple>
        <value>1589284.0</value>
        <value>4</value>
        <value>2001</value>
      </tuple>
      <tuple>
        <value>1639958.0</value>
        <value>4</value>
        <value>2002</value>
      </tuple>
      <tuple>
        <value>1658149.0</value>
        <value>4</value>
        <value>1998</value>
      </tuple>
      <tuple>
        <value>1681972.0</value>
        <value>4</value>
        <value>1997</value>
      </tuple>
      <tuple>
        <value>1766892.0</value>
        <value>4</value>
        <value>2000</value>
      </tuple>
      <tuple>
        <value>1847329.0</value>
        <value>4</value>
        <value>1999</value>
      </tuple>
      <tuple>
        <value>2581528.0</value>
        <value>3</value>
        <value>2002</value>
      </tuple>
      <tuple>
        <value>2817285.0</value>
        <value>3</value>
        <value>1997</value>
      </tuple>
      <tuple>
        <value>2903749.0</value>
        <value>3</value>
        <value>2000</value>
      </tuple>
      <tuple>
        <value>2936721.0</value>
        <value>3</value>
        <value>1999</value>
      </tuple>
      <tuple>
        <value>2983885.0</value>
        <value>3</value>
        <value>1998</value>
      </tuple>
      <tuple>
        <value>3106220.0</value>
        <value>3</value>
        <value>2001</value>
      </tuple>
      <tuple>
        <value>4820443.0</value>
        <value>1</value>
        <value>2002</value>
      </tuple>
      <tuple>
        <value>4950468.0</value>
        <value>1</value>
        <value>2000</value>
      </tuple>
      <tuple>
        <value>4953826.0</value>
        <value>1</value>
        <value>1999</value>
      </tuple>
      <tuple>
        <value>4985164.0</value>
        <value>1</value>
        <value>2001</value>
      </tuple>
      <tuple>
        <value>5085197.0</value>
        <value>1</value>
        <value>1998</value>
      </tuple>
      <tuple>
        <value>5345654.0</value>
        <value>2</value>
        <value>2002</value>
      </tuple>
      <tuple>
        <value>5362879.0</value>
        <value>1</value>
        <value>1997</value>
      </tuple>
      <tuple>
        <value>5474899.0</value>
        <value>2</value>
        <value>1997</value>
      </tuple>
      <tuple>
        <value>5489919.0</value>
        <value>2</value>
        <value>2001</value>
      </tuple>
      <tuple>
        <value>5626388.0</value>
        <value>2</value>
        <value>2000</value>
      </tuple>
      <tuple>
        <value>5852590.0</value>
        <value>2</value>
        <value>1999</value>
      </tuple>
      <tuple>
        <value>6468769.0</value>
        <value>2</value>
        <value>1998</value>
      </tuple>
    </table>
  </test>
</results>
